presenter.js?body=1:555 Uncaught IndexSizeError: Failed to execute 'ellipse' on 'CanvasRenderingContext2D': The major-axis radius provided (-3) is negative.
（匿名） @ presenter.js?body=1:555
drawShape @ draw_functions.js?body=1:358
Presenter.Presenter.drawBorder @ presenter.js?body=1:553
Presenter.Presenter.draw @ presenter.js?body=1:622
Presenter.Presenter._drawInnerContents @ presenter.js?body=1:390
Presenter.Presenter.drawContents @ presenter.js?body=1:539
（匿名） @ presenter.js?body=1:649
clipShape @ draw_functions.js?body=1:86
Presenter.Presenter.draw @ presenter.js?body=1:627
Presenter.Presenter._drawInnerContents @ presenter.js?body=1:390
Presenter.Presenter.drawContents @ presenter.js?body=1:539
（匿名） @ presenter.js?body=1:649
clipShape @ draw_functions.js?body=1:86
Presenter.Presenter.draw @ presenter.js?body=1:627
Presenter.Presenter._drawInnerContents @ presenter.js?body=1:390
Presenter.Presenter.drawContents @ presenter.js?body=1:539
（匿名） @ presenter.js?body=1:649
clipShape @ draw_functions.js?body=1:86
Presenter.Presenter.draw @ presenter.js?body=1:627
Presenter.Presenter._drawInnerContents @ presenter.js?body=1:390
Presenter.Presenter.drawContents @ presenter.js?body=1:539
（匿名） @ presenter.js?body=1:649
clipShape @ draw_functions.js?body=1:86
Presenter.Presenter.draw @ presenter.js?body=1:627
Presenter.Presenter._drawInnerContents @ presenter.js?body=1:390
Presenter.Presenter.drawContents @ presenter.js?body=1:539
（匿名） @ presenter.js?body=1:649
clipShape @ draw_functions.js?body=1:86
Presenter.Presenter.draw @ presenter.js?body=1:627
ScreenBase.ScreenBase.draw @ screen_base.js?body=1:550
EditorScreen.EditorScreen.draw @ editor_screen.js?body=1:5695
ScreenManager.ScreenManager.draw @ screen_manager.js?body=1:161
ScreenManager.ScreenManager.drawByRequest @ screen_manager.js?body=1:197
（匿名） @ screen_manager.js?body=1:186
setTimeout
ScreenManager.ScreenManager.requestDraw @ screen_manager.js?body=1:186
ScreenBase.ScreenBase.requestBlurTextarea @ screen_base.js?body=1:469
EditorScreen.EditorScreen._blurInputting @ editor_screen.js?body=1:3637
EditorScreen.EditorScreen.onObjectEvent @ editor_screen.js?body=1:6114
（匿名） @ screen_base.js?body=1:234
dispatch @ jquery.js?body=1:2
y.handle @ jquery.js?body=1:2
trigger @ jquery.js?body=1:2
（匿名） @ jquery.js?body=1:2
each @ jquery.js?body=1:2
each @ jquery.js?body=1:2
trigger @ jquery.js?body=1:2
（匿名） @ screen_base.js?body=1:239
dispatch @ jquery.js?body=1:2
y.handle @ jquery.js?body=1:2
